c:\users\takus\desktop\dx21\20240905_dx21_テトリス5\20240425.1517dfe4\x64\release\vc143.pdb
c:\users\takus\desktop\dx21\20240905_dx21_テトリス5\20240425.1517dfe4\x64\release\sprite.obj
c:\users\takus\desktop\dx21\20240905_dx21_テトリス5\20240425.1517dfe4\x64\release\score.obj
c:\users\takus\desktop\dx21\20240905_dx21_テトリス5\20240425.1517dfe4\x64\release\result.obj
c:\users\takus\desktop\dx21\20240905_dx21_テトリス5\20240425.1517dfe4\x64\release\renderer.obj
c:\users\takus\desktop\dx21\20240905_dx21_テトリス5\20240425.1517dfe4\x64\release\polygon.obj
c:\users\takus\desktop\dx21\20240905_dx21_テトリス5\20240425.1517dfe4\x64\release\piece.obj
c:\users\takus\desktop\dx21\20240905_dx21_テトリス5\20240425.1517dfe4\x64\release\pentagon.obj
c:\users\takus\desktop\dx21\20240905_dx21_テトリス5\20240425.1517dfe4\x64\release\pause.obj
c:\users\takus\desktop\dx21\20240905_dx21_テトリス5\20240425.1517dfe4\x64\release\mouse.obj
c:\users\takus\desktop\dx21\20240905_dx21_テトリス5\20240425.1517dfe4\x64\release\manager.obj
c:\users\takus\desktop\dx21\20240905_dx21_テトリス5\20240425.1517dfe4\x64\release\line.obj
c:\users\takus\desktop\dx21\20240905_dx21_テトリス5\20240425.1517dfe4\x64\release\keyboard.obj
c:\users\takus\desktop\dx21\20240905_dx21_テトリス5\20240425.1517dfe4\x64\release\game.obj
c:\users\takus\desktop\dx21\20240905_dx21_テトリス5\20240425.1517dfe4\x64\release\field.obj
c:\users\takus\desktop\dx21\20240905_dx21_テトリス5\20240425.1517dfe4\x64\release\fade.obj
c:\users\takus\desktop\dx21\20240905_dx21_テトリス5\20240425.1517dfe4\x64\release\effect.obj
c:\users\takus\desktop\dx21\20240905_dx21_テトリス5\20240425.1517dfe4\x64\release\combo.obj
c:\users\takus\desktop\dx21\20240905_dx21_テトリス5\20240425.1517dfe4\x64\release\block.obj
c:\users\takus\desktop\dx21\20240905_dx21_テトリス5\20240425.1517dfe4\x64\release\audio.obj
c:\users\takus\desktop\dx21\20240905_dx21_テトリス5\20240425.1517dfe4\x64\release\at12b173-18-佐藤琢磨.obj
c:\users\takus\desktop\dx21\20240905_dx21_テトリス5\20240425.1517dfe4\x64\release\triangle.obj
c:\users\takus\desktop\dx21\20240905_dx21_テトリス5\20240425.1517dfe4\x64\release\title.obj
c:\users\takus\desktop\dx21\20240905_dx21_テトリス5\x64\release\20240425_dx21_ウィンドウ作成.exe
c:\users\takus\desktop\dx21\20240905_dx21_テトリス5\x64\release\20240425_dx21_ウィンドウ作成.pdb
c:\users\takus\desktop\dx21\20240905_dx21_テトリス5\20240425.1517dfe4\x64\release\20240425_dx21_ウィンドウ作成.ipdb
c:\users\takus\desktop\dx21\20240905_dx21_テトリス5\20240425.1517dfe4\x64\release\20240425_dx21_ウィンドウ作成.iobj
c:\users\takus\desktop\dx21\20240905_dx21_テトリス5\20240425.1517dfe4\x64\release\20240425.1517dfe4.tlog\cl.command.1.tlog
c:\users\takus\desktop\dx21\20240905_dx21_テトリス5\20240425.1517dfe4\x64\release\20240425.1517dfe4.tlog\cl.items.tlog
c:\users\takus\desktop\dx21\20240905_dx21_テトリス5\20240425.1517dfe4\x64\release\20240425.1517dfe4.tlog\cl.read.1.tlog
c:\users\takus\desktop\dx21\20240905_dx21_テトリス5\20240425.1517dfe4\x64\release\20240425.1517dfe4.tlog\cl.write.1.tlog
c:\users\takus\desktop\dx21\20240905_dx21_テトリス5\20240425.1517dfe4\x64\release\20240425.1517dfe4.tlog\link.command.1.tlog
c:\users\takus\desktop\dx21\20240905_dx21_テトリス5\20240425.1517dfe4\x64\release\20240425.1517dfe4.tlog\link.read.1.tlog
c:\users\takus\desktop\dx21\20240905_dx21_テトリス5\20240425.1517dfe4\x64\release\20240425.1517dfe4.tlog\link.secondary.1.tlog
c:\users\takus\desktop\dx21\20240905_dx21_テトリス5\20240425.1517dfe4\x64\release\20240425.1517dfe4.tlog\link.write.1.tlog
