c:\users\takus\desktop\dx22\20241224_dx22_3校合同用\20240425.1517dfe4\x64\debug\ball_camera.obj
c:\users\takus\desktop\dx22\20241224_dx22_3校合同用\20240425.1517dfe4\x64\debug\ball.obj
c:\users\takus\desktop\dx22\20241224_dx22_3校合同用\20240425.1517dfe4\x64\debug\count.obj
c:\users\takus\desktop\dx22\20241224_dx22_3校合同用\20240425.1517dfe4\x64\debug\keyboard.obj
c:\users\takus\desktop\dx22\20241224_dx22_3校合同用\20240425.1517dfe4\x64\debug\move_camera.obj
c:\users\takus\desktop\dx22\20241224_dx22_3校合同用\20240425.1517dfe4\x64\debug\ball_shot.obj
c:\users\takus\desktop\dx22\20241224_dx22_3校合同用\20240425.1517dfe4\x64\debug\camera.obj
c:\users\takus\desktop\dx22\20241224_dx22_3校合同用\20240425.1517dfe4\x64\debug\sprite.obj
c:\users\takus\desktop\dx22\20241224_dx22_3校合同用\20240425.1517dfe4\x64\debug\model.obj
c:\users\takus\desktop\dx22\20241224_dx22_3校合同用\20240425.1517dfe4\x64\debug\line.obj
c:\users\takus\desktop\dx22\20241224_dx22_3校合同用\20240425.1517dfe4\x64\debug\main.obj
c:\users\takus\desktop\dx22\20241224_dx22_3校合同用\20240425.1517dfe4\x64\debug\mouse.obj
c:\users\takus\desktop\dx22\20241224_dx22_3校合同用\20240425.1517dfe4\x64\debug\polygon.obj
c:\users\takus\desktop\dx22\20241224_dx22_3校合同用\20240425.1517dfe4\x64\debug\manager.obj
c:\users\takus\desktop\dx22\20241224_dx22_3校合同用\20240425.1517dfe4\x64\debug\renderer.obj
c:\users\takus\desktop\dx22\20241224_dx22_3校合同用\20240425.1517dfe4\x64\debug\game.obj
c:\users\takus\desktop\dx22\20241224_dx22_3校合同用\20240425.1517dfe4\x64\debug\cube.obj
c:\users\takus\desktop\dx22\20241224_dx22_3校合同用\20240425.1517dfe4\x64\debug\golf_cours.obj
c:\users\takus\desktop\dx22\20241224_dx22_3校合同用\20240425.1517dfe4\x64\debug\result.obj
c:\users\takus\desktop\dx22\20241224_dx22_3校合同用\20240425.1517dfe4\x64\debug\fade.obj
c:\users\takus\desktop\dx22\20241224_dx22_3校合同用\20240425.1517dfe4\x64\debug\rotation_camera.obj
c:\users\takus\desktop\dx22\20241224_dx22_3校合同用\20240425.1517dfe4\x64\debug\grid.obj
c:\users\takus\desktop\dx22\20241224_dx22_3校合同用\20240425.1517dfe4\x64\debug\collision.obj
c:\users\takus\desktop\dx22\20241224_dx22_3校合同用\20240425.1517dfe4\x64\debug\roulette.obj
c:\users\takus\desktop\dx22\20241224_dx22_3校合同用\20240425.1517dfe4\x64\debug\light.obj
c:\users\takus\desktop\dx22\20241224_dx22_3校合同用\20240425.1517dfe4\x64\debug\texture.obj
c:\users\takus\desktop\dx22\20241224_dx22_3校合同用\20240425.1517dfe4\x64\debug\audio.obj
c:\users\takus\desktop\dx22\20241224_dx22_3校合同用\20240425.1517dfe4\x64\debug\title.obj
c:\users\takus\desktop\dx22\20241224_dx22_3校合同用\20240425.1517dfe4\x64\debug\billboard.obj
c:\users\takus\desktop\dx22\20241224_dx22_3校合同用\20240425.1517dfe4\x64\debug\trail.obj
c:\users\takus\desktop\dx22\20241224_dx22_3校合同用\20240425.1517dfe4\x64\debug\vc143.pdb
c:\users\takus\desktop\dx22\20241224_dx22_3校合同用\x64\debug\20240425_dx21_ウィンドウ作成.exe
c:\users\takus\desktop\dx22\20241224_dx22_3校合同用\x64\debug\20240425_dx21_ウィンドウ作成.pdb
c:\users\takus\desktop\dx22\20241224_dx22_3校合同用\20240425.1517dfe4\x64\debug\20240425_dx21_ウィンドウ作成.ilk
c:\users\takus\desktop\dx22\20241224_dx22_3校合同用\20240425.1517dfe4\x64\debug\vc143.idb
c:\users\takus\desktop\dx22\20241224_dx22_3校合同用\20240425.1517dfe4\x64\debug\20240425.1517dfe4.tlog\cl.10360.write.1.tlog
c:\users\takus\desktop\dx22\20241224_dx22_3校合同用\20240425.1517dfe4\x64\debug\20240425.1517dfe4.tlog\cl.command.1.tlog
c:\users\takus\desktop\dx22\20241224_dx22_3校合同用\20240425.1517dfe4\x64\debug\20240425.1517dfe4.tlog\cl.items.tlog
c:\users\takus\desktop\dx22\20241224_dx22_3校合同用\20240425.1517dfe4\x64\debug\20240425.1517dfe4.tlog\cl.read.1.tlog
c:\users\takus\desktop\dx22\20241224_dx22_3校合同用\20240425.1517dfe4\x64\debug\20240425.1517dfe4.tlog\link.command.1.tlog
c:\users\takus\desktop\dx22\20241224_dx22_3校合同用\20240425.1517dfe4\x64\debug\20240425.1517dfe4.tlog\link.read.1.tlog
c:\users\takus\desktop\dx22\20241224_dx22_3校合同用\20240425.1517dfe4\x64\debug\20240425.1517dfe4.tlog\link.secondary.1.tlog
c:\users\takus\desktop\dx22\20241224_dx22_3校合同用\20240425.1517dfe4\x64\debug\20240425.1517dfe4.tlog\link.write.1.tlog
